// Jest Snapshot v1, https://goo.gl/fbAQLP

exports[`TodoInput render should render OK II 1`] = `
<div>
  <div
    class="inputWrapper"
  >
    <form>
      <input
        type="text"
        value=""
      />
    </form>
  </div>
</div>
`;

exports[`TodoInput should render OK II 1`] = `
<div>
  <div
    class="inputWrapper"
  >
    <form>
      <input
        type="text"
        value=""
      />
    </form>
  </div>
</div>
`;
